aleksandrur@MacBook-Pro-Aleksandr hw_1 % mysqldump example > example.sql
aleksandrur@MacBook-Pro-Aleksandr hw_1 % ls -l
total 24
-rw-r--r--  1 aleksandrur  staff  1825 20 апр 20:50 example.sql
-rw-r--r--@ 1 aleksandrur  staff  1655 20 апр 19:03 topic_1.txt
-rw-r--r--  1 aleksandrur  staff  1072 20 апр 20:31 topic_2

mysql> CREATE DATABASE sample;
Query OK, 1 row affected (0.01 sec)

mysql> exit
Bye
aleksandrur@MacBook-Pro-Aleksandr hw_1 % mysql < example.sql
ERROR 1046 (3D000) at line 22: No database selected
aleksandrur@MacBook-Pro-Aleksandr hw_1 % mysql sample < example.sql
aleksandrur@MacBook-Pro-Aleksandr hw_1 % mysql
Welcome to the MySQL monitor.  Commands end with ; or \g.
Your MySQL connection id is 45
Server version: 8.0.23 MySQL Community Server - GPL

Copyright (c) 2000, 2021, Oracle and/or its affiliates.

Oracle is a registered trademark of Oracle Corporation and/or its
affiliates. Other names may be trademarks of their respective
owners.

Type 'help;' or '\h' for help. Type '\c' to clear the current input statement.

mysql> USE sample;
Reading table information for completion of table and column names
You can turn off this feature to get a quicker startup with -A

Database changed
mysql> SHOW TABLES;
+------------------+
| Tables_in_sample |
+------------------+
| users            |
+------------------+
1 row in set (0.01 sec)

